error1
error2
error3
nknjnk
 n kkjkj
 